// Jest Snapshot v1, https://goo.gl/fbAQLP

exports[`Renders <DeniedPage/> with correct properties 1`] = `"<div class=\\"container-scroller\\"><div class=\\"container-fluid page-body-wrapper auth-page full-page-wrapper\\"><div class=\\"content-wrapper d-flex align-items-center text-center error-page bg-primary\\"><denied-block></denied-block></div></div></div>"`;
