// Jest Snapshot v1, https://goo.gl/fbAQLP

exports[`Renders <HeaderLinks/> with correct properties 1`] = `"<ul class=\\"navbar-nav navbar-nav-left header-links d-none d-md-flex\\"><li class=\\"nav-item\\"><a href=\\"#\\" class=\\"nav-link\\"><span class=\\"badge badge-primary ml-1\\"></span>Missing translationId: menus.header_links.shedule for language: \${ languageCode }</a></li><li class=\\"nav-item\\"><a href=\\"#\\" class=\\"nav-link\\"><i class=\\"mdi mdi-elevation-rise\\"></i>Missing translationId: menus.header_links.reports for language: \${ languageCode }</a></li><li class=\\"nav-item\\"><a href=\\"#\\" class=\\"nav-link\\"><i class=\\"mdi mdi-bookmark-plus-outline\\"></i>Missing translationId: menus.header_links.score for language: \${ languageCode }</a></li></ul>"`;
